--------------------------------------------------------------------------------
Release 14.7 Trace  (nt64)
Copyright (c) 1995-2013 Xilinx, Inc.  All rights reserved.

C:\Xilinx\14.7\ISE_DS\ISE\bin\nt64\unwrapped\trce.exe -intstyle ise -v 3 -s 5
-n 3 -fastpaths -xml Decoder3x8.twx Decoder3x8.ncd -o Decoder3x8.twr
Decoder3x8.pcf

Design file:              Decoder3x8.ncd
Physical constraint file: Decoder3x8.pcf
Device,package,speed:     xc3s400,pq208,-5 (PRODUCTION 1.39 2013-10-13)
Report level:             verbose report

Environment Variable      Effect 
--------------------      ------ 
NONE                      No environment variables were set
--------------------------------------------------------------------------------

INFO:Timing:2698 - No timing constraints found, doing default enumeration.
INFO:Timing:3412 - To improve timing, see the Timing Closure User Guide (UG612).
INFO:Timing:2752 - To get complete path coverage, use the unconstrained paths 
   option. All paths that are not constrained will be reported in the 
   unconstrained paths section(s) of the report.
INFO:Timing:3339 - The clock-to-out numbers in this timing report are based on 
   a 50 Ohm transmission line loading model.  For the details of this model, 
   and for more information on accounting for different loading conditions, 
   please see the device datasheet.
INFO:Timing:3390 - This architecture does not support a default System Jitter 
   value, please add SYSTEM_JITTER constraint to the UCF to modify the Clock 
   Uncertainty calculation.
INFO:Timing:3389 - This architecture does not support 'Discrete Jitter' and 
   'Phase Error' calculations, these terms will be zero in the Clock 
   Uncertainty calculation.  Please make appropriate modification to 
   SYSTEM_JITTER to account for the unsupported Discrete Jitter and Phase 
   Error.



Data Sheet report:
-----------------
All values displayed in nanoseconds (ns)

Pad to Pad
---------------+---------------+---------+
Source Pad     |Destination Pad|  Delay  |
---------------+---------------+---------+
input<0>       |output<0>      |    7.221|
input<0>       |output<1>      |    7.163|
input<0>       |output<2>      |    6.812|
input<0>       |output<3>      |    6.799|
input<0>       |output<4>      |    7.000|
input<0>       |output<5>      |    7.046|
input<0>       |output<6>      |    7.045|
input<0>       |output<7>      |    7.040|
input<1>       |output<0>      |    7.188|
input<1>       |output<1>      |    7.166|
input<1>       |output<2>      |    6.996|
input<1>       |output<3>      |    6.917|
input<1>       |output<4>      |    6.928|
input<1>       |output<5>      |    6.870|
input<1>       |output<6>      |    6.661|
input<1>       |output<7>      |    6.552|
input<2>       |output<0>      |    7.551|
input<2>       |output<1>      |    7.424|
input<2>       |output<2>      |    7.557|
input<2>       |output<3>      |    7.465|
input<2>       |output<4>      |    6.574|
input<2>       |output<5>      |    6.552|
input<2>       |output<6>      |    7.215|
input<2>       |output<7>      |    7.037|
---------------+---------------+---------+


Analysis completed Wed May 22 13:39:29 2019 
--------------------------------------------------------------------------------

Trace Settings:
-------------------------
Trace Settings 

Peak Memory Usage: 146 MB



